// Jest Snapshot v1, https://goo.gl/fbAQLP

exports[`<Cards /> Snapshot is correct 1`] = `ReactWrapper {}`;
